mode: set
github.com/MiralSNk/sitefrisk/services/scanner/main.go:16.60,19.2 2 0
github.com/MiralSNk/sitefrisk/services/scanner/main.go:21.13,23.16 2 0
github.com/MiralSNk/sitefrisk/services/scanner/main.go:23.16,25.3 1 0
github.com/MiralSNk/sitefrisk/services/scanner/main.go:27.2,32.59 4 0
github.com/MiralSNk/sitefrisk/services/scanner/main.go:32.59,34.3 1 0
github.com/MiralSNk/sitefrisk/services/scanner/main.go:16.60,19.2 2 0
github.com/MiralSNk/sitefrisk/services/scanner/main.go:21.13,23.16 2 0
github.com/MiralSNk/sitefrisk/services/scanner/main.go:23.16,25.3 1 0
github.com/MiralSNk/sitefrisk/services/scanner/main.go:27.2,32.59 4 0
github.com/MiralSNk/sitefrisk/services/scanner/main.go:32.59,34.3 1 0
github.com/MiralSNk/sitefrisk/services/scanner/internal/collector/collector.go:21.89,27.2 4 1
github.com/MiralSNk/sitefrisk/services/scanner/internal/collector/event.go:30.98,33.12 2 1
github.com/MiralSNk/sitefrisk/services/scanner/internal/collector/event.go:33.12,40.22 5 1
github.com/MiralSNk/sitefrisk/services/scanner/internal/collector/event.go:40.22,42.23 2 1
github.com/MiralSNk/sitefrisk/services/scanner/internal/collector/event.go:42.23,44.5 1 1
github.com/MiralSNk/sitefrisk/services/scanner/internal/collector/event.go:46.4,46.11 1 1
github.com/MiralSNk/sitefrisk/services/scanner/internal/collector/event.go:51.6,51.6 0 1
github.com/MiralSNk/sitefrisk/services/scanner/internal/collector/event.go:52.22,52.22 0 0
github.com/MiralSNk/sitefrisk/services/scanner/internal/collector/event.go:55.4,56.40 2 1
github.com/MiralSNk/sitefrisk/services/scanner/internal/collector/event.go:59.3,60.17 2 1
github.com/MiralSNk/sitefrisk/services/scanner/internal/collector/event.go:60.17,62.4 1 0
github.com/MiralSNk/sitefrisk/services/scanner/internal/collector/event.go:64.3,64.35 1 1
github.com/MiralSNk/sitefrisk/services/scanner/internal/collector/event.go:64.35,66.4 1 1
github.com/MiralSNk/sitefrisk/services/scanner/internal/collector/event.go:68.3,72.4 1 1
github.com/MiralSNk/sitefrisk/services/scanner/internal/collector/event.go:75.2,75.12 1 1
github.com/MiralSNk/sitefrisk/services/scanner/internal/collector/helpers.go:18.43,21.12 2 1
github.com/MiralSNk/sitefrisk/services/scanner/internal/collector/helpers.go:21.12,23.27 2 1
github.com/MiralSNk/sitefrisk/services/scanner/internal/collector/helpers.go:23.27,25.4 1 1
github.com/MiralSNk/sitefrisk/services/scanner/internal/collector/helpers.go:28.2,28.12 1 1
github.com/MiralSNk/sitefrisk/services/scanner/internal/collector/helpers.go:38.3,41.24 2 1
github.com/MiralSNk/sitefrisk/services/scanner/internal/collector/helpers.go:41.24,43.13 2 1
github.com/MiralSNk/sitefrisk/services/scanner/internal/collector/helpers.go:43.13,48.47 3 1
github.com/MiralSNk/sitefrisk/services/scanner/internal/collector/helpers.go:48.47,50.5 1 1
github.com/MiralSNk/sitefrisk/services/scanner/internal/collector/helpers.go:52.4,53.18 2 1
github.com/MiralSNk/sitefrisk/services/scanner/internal/collector/helpers.go:53.18,55.5 1 1
github.com/MiralSNk/sitefrisk/services/scanner/internal/collector/helpers.go:57.4,57.11 1 1
github.com/MiralSNk/sitefrisk/services/scanner/internal/collector/helpers.go:58.23,58.23 0 1
github.com/MiralSNk/sitefrisk/services/scanner/internal/collector/helpers.go:59.22,59.22 0 0
github.com/MiralSNk/sitefrisk/services/scanner/internal/collector/helpers.go:64.2,64.12 1 1
github.com/MiralSNk/sitefrisk/services/scanner/internal/collector/helpers.go:64.12,67.3 2 1
github.com/MiralSNk/sitefrisk/services/scanner/internal/collector/header/collector.go:19.44,23.2 1 0
github.com/MiralSNk/sitefrisk/services/scanner/internal/collector/header/collector.go:28.99,30.16 2 0
github.com/MiralSNk/sitefrisk/services/scanner/internal/collector/header/collector.go:30.16,32.3 1 0
github.com/MiralSNk/sitefrisk/services/scanner/internal/collector/header/collector.go:34.2,35.16 2 0
github.com/MiralSNk/sitefrisk/services/scanner/internal/collector/header/collector.go:35.16,37.3 1 0
github.com/MiralSNk/sitefrisk/services/scanner/internal/collector/header/collector.go:39.2,39.18 1 0
github.com/MiralSNk/sitefrisk/services/scanner/internal/collector/header/collector.go:43.94,47.16 3 0
github.com/MiralSNk/sitefrisk/services/scanner/internal/collector/header/collector.go:47.16,49.3 1 0
github.com/MiralSNk/sitefrisk/services/scanner/internal/collector/header/collector.go:50.2,52.33 2 0
github.com/MiralSNk/sitefrisk/services/scanner/internal/collector/header/collector.go:52.33,53.41 1 0
github.com/MiralSNk/sitefrisk/services/scanner/internal/collector/header/collector.go:53.41,59.4 1 0
github.com/MiralSNk/sitefrisk/services/scanner/internal/collector/header/collector.go:62.2,62.19 1 0
github.com/MiralSNk/sitefrisk/services/scanner/internal/fact/errors.go:26.40,28.2 1 0
github.com/MiralSNk/sitefrisk/services/scanner/internal/fact/errors.go:30.40,30.56 1 0
github.com/MiralSNk/sitefrisk/services/scanner/internal/fact/fact.go:13.32,14.19 1 1
github.com/MiralSNk/sitefrisk/services/scanner/internal/fact/fact.go:14.19,16.3 1 0
github.com/MiralSNk/sitefrisk/services/scanner/internal/fact/fact.go:18.2,18.17 1 1
github.com/MiralSNk/sitefrisk/services/scanner/internal/fact/fact.go:18.17,20.3 1 0
github.com/MiralSNk/sitefrisk/services/scanner/internal/fact/fact.go:22.2,22.22 1 1
github.com/MiralSNk/sitefrisk/services/scanner/internal/fact/fact.go:22.22,24.3 1 0
github.com/MiralSNk/sitefrisk/services/scanner/internal/fact/fact.go:26.2,26.20 1 1
github.com/MiralSNk/sitefrisk/services/scanner/internal/fact/fact.go:27.56,28.13 1 1
github.com/MiralSNk/sitefrisk/services/scanner/internal/fact/fact.go:29.10,30.31 1 0
github.com/MiralSNk/sitefrisk/services/scanner/internal/fact/fact.go:36.38,37.29 1 1
github.com/MiralSNk/sitefrisk/services/scanner/internal/fact/fact.go:37.29,38.41 1 1
github.com/MiralSNk/sitefrisk/services/scanner/internal/fact/fact.go:38.41,43.4 1 0
github.com/MiralSNk/sitefrisk/services/scanner/internal/fact/fact.go:46.2,46.12 1 1
github.com/MiralSNk/sitefrisk/services/scanner/internal/fact/validated.go:11.52,12.43 1 1
github.com/MiralSNk/sitefrisk/services/scanner/internal/fact/validated.go:12.43,14.3 1 0
github.com/MiralSNk/sitefrisk/services/scanner/internal/fact/validated.go:15.2,17.38 3 1
github.com/MiralSNk/sitefrisk/services/scanner/internal/fact/validated.go:21.35,23.2 1 1
github.com/MiralSNk/sitefrisk/services/scanner/internal/mocks/mock_Collector.go:22.59,24.2 1 1
github.com/MiralSNk/sitefrisk/services/scanner/internal/mocks/mock_Collector.go:27.94,30.19 2 1
github.com/MiralSNk/sitefrisk/services/scanner/internal/mocks/mock_Collector.go:30.19,31.49 1 0
github.com/MiralSNk/sitefrisk/services/scanner/internal/mocks/mock_Collector.go:34.2,36.83 3 1
github.com/MiralSNk/sitefrisk/services/scanner/internal/mocks/mock_Collector.go:36.83,38.3 1 0
github.com/MiralSNk/sitefrisk/services/scanner/internal/mocks/mock_Collector.go:39.2,39.74 1 1
github.com/MiralSNk/sitefrisk/services/scanner/internal/mocks/mock_Collector.go:39.74,41.3 1 0
github.com/MiralSNk/sitefrisk/services/scanner/internal/mocks/mock_Collector.go:41.8,42.24 1 1
github.com/MiralSNk/sitefrisk/services/scanner/internal/mocks/mock_Collector.go:42.24,44.4 1 1
github.com/MiralSNk/sitefrisk/services/scanner/internal/mocks/mock_Collector.go:47.2,47.68 1 1
github.com/MiralSNk/sitefrisk/services/scanner/internal/mocks/mock_Collector.go:47.68,49.3 1 0
github.com/MiralSNk/sitefrisk/services/scanner/internal/mocks/mock_Collector.go:49.8,51.3 1 1
github.com/MiralSNk/sitefrisk/services/scanner/internal/mocks/mock_Collector.go:53.2,53.15 1 1
github.com/MiralSNk/sitefrisk/services/scanner/internal/mocks/mock_Collector.go:64.111,66.2 1 1
github.com/MiralSNk/sitefrisk/services/scanner/internal/mocks/mock_Collector.go:68.120,69.40 1 1
github.com/MiralSNk/sitefrisk/services/scanner/internal/mocks/mock_Collector.go:69.40,71.3 1 1
github.com/MiralSNk/sitefrisk/services/scanner/internal/mocks/mock_Collector.go:72.2,72.11 1 1
github.com/MiralSNk/sitefrisk/services/scanner/internal/mocks/mock_Collector.go:75.102,78.2 2 1
github.com/MiralSNk/sitefrisk/services/scanner/internal/mocks/mock_Collector.go:80.136,83.2 2 0
github.com/MiralSNk/sitefrisk/services/scanner/internal/mocks/mock_Collector.go:90.19,94.19 3 1
github.com/MiralSNk/sitefrisk/services/scanner/internal/mocks/mock_Collector.go:94.19,94.49 1 1
github.com/MiralSNk/sitefrisk/services/scanner/internal/mocks/mock_Collector.go:96.2,96.13 1 1
github.com/MiralSNk/sitefrisk/services/scanner/internal/mocks/mock_Collector.go:22.59,24.2 1 0
github.com/MiralSNk/sitefrisk/services/scanner/internal/mocks/mock_Collector.go:27.94,30.19 2 0
github.com/MiralSNk/sitefrisk/services/scanner/internal/mocks/mock_Collector.go:30.19,31.49 1 0
github.com/MiralSNk/sitefrisk/services/scanner/internal/mocks/mock_Collector.go:34.2,36.83 3 0
github.com/MiralSNk/sitefrisk/services/scanner/internal/mocks/mock_Collector.go:36.83,38.3 1 0
github.com/MiralSNk/sitefrisk/services/scanner/internal/mocks/mock_Collector.go:39.2,39.74 1 0
github.com/MiralSNk/sitefrisk/services/scanner/internal/mocks/mock_Collector.go:39.74,41.3 1 0
github.com/MiralSNk/sitefrisk/services/scanner/internal/mocks/mock_Collector.go:41.8,42.24 1 0
github.com/MiralSNk/sitefrisk/services/scanner/internal/mocks/mock_Collector.go:42.24,44.4 1 0
github.com/MiralSNk/sitefrisk/services/scanner/internal/mocks/mock_Collector.go:47.2,47.68 1 0
github.com/MiralSNk/sitefrisk/services/scanner/internal/mocks/mock_Collector.go:47.68,49.3 1 0
github.com/MiralSNk/sitefrisk/services/scanner/internal/mocks/mock_Collector.go:49.8,51.3 1 0
github.com/MiralSNk/sitefrisk/services/scanner/internal/mocks/mock_Collector.go:53.2,53.15 1 0
github.com/MiralSNk/sitefrisk/services/scanner/internal/mocks/mock_Collector.go:64.111,66.2 1 0
github.com/MiralSNk/sitefrisk/services/scanner/internal/mocks/mock_Collector.go:68.120,69.40 1 0
github.com/MiralSNk/sitefrisk/services/scanner/internal/mocks/mock_Collector.go:69.40,71.3 1 0
github.com/MiralSNk/sitefrisk/services/scanner/internal/mocks/mock_Collector.go:72.2,72.11 1 0
github.com/MiralSNk/sitefrisk/services/scanner/internal/mocks/mock_Collector.go:75.102,78.2 2 0
github.com/MiralSNk/sitefrisk/services/scanner/internal/mocks/mock_Collector.go:80.136,83.2 2 0
github.com/MiralSNk/sitefrisk/services/scanner/internal/mocks/mock_Collector.go:90.19,94.19 3 0
github.com/MiralSNk/sitefrisk/services/scanner/internal/mocks/mock_Collector.go:94.19,94.49 1 0
github.com/MiralSNk/sitefrisk/services/scanner/internal/mocks/mock_Collector.go:96.2,96.13 1 0
github.com/MiralSNk/sitefrisk/services/scanner/main.go:16.60,19.2 2 0
github.com/MiralSNk/sitefrisk/services/scanner/main.go:21.13,23.16 2 0
github.com/MiralSNk/sitefrisk/services/scanner/main.go:23.16,25.3 1 0
github.com/MiralSNk/sitefrisk/services/scanner/main.go:27.2,32.59 4 0
github.com/MiralSNk/sitefrisk/services/scanner/main.go:32.59,34.3 1 0
github.com/MiralSNk/sitefrisk/services/scanner/internal/collector/collector.go:21.89,27.2 4 0
github.com/MiralSNk/sitefrisk/services/scanner/internal/collector/event.go:30.98,33.12 2 0
github.com/MiralSNk/sitefrisk/services/scanner/internal/collector/event.go:33.12,40.22 5 0
github.com/MiralSNk/sitefrisk/services/scanner/internal/collector/event.go:40.22,42.23 2 0
github.com/MiralSNk/sitefrisk/services/scanner/internal/collector/event.go:42.23,44.5 1 0
github.com/MiralSNk/sitefrisk/services/scanner/internal/collector/event.go:46.4,46.11 1 0
github.com/MiralSNk/sitefrisk/services/scanner/internal/collector/event.go:51.6,51.6 0 0
github.com/MiralSNk/sitefrisk/services/scanner/internal/collector/event.go:52.22,52.22 0 0
github.com/MiralSNk/sitefrisk/services/scanner/internal/collector/event.go:55.4,56.40 2 0
github.com/MiralSNk/sitefrisk/services/scanner/internal/collector/event.go:59.3,60.17 2 0
github.com/MiralSNk/sitefrisk/services/scanner/internal/collector/event.go:60.17,62.4 1 0
github.com/MiralSNk/sitefrisk/services/scanner/internal/collector/event.go:64.3,64.35 1 0
github.com/MiralSNk/sitefrisk/services/scanner/internal/collector/event.go:64.35,66.4 1 0
github.com/MiralSNk/sitefrisk/services/scanner/internal/collector/event.go:68.3,72.4 1 0
github.com/MiralSNk/sitefrisk/services/scanner/internal/collector/event.go:75.2,75.12 1 0
github.com/MiralSNk/sitefrisk/services/scanner/internal/collector/helpers.go:18.43,21.12 2 0
github.com/MiralSNk/sitefrisk/services/scanner/internal/collector/helpers.go:21.12,23.27 2 0
github.com/MiralSNk/sitefrisk/services/scanner/internal/collector/helpers.go:23.27,25.4 1 0
github.com/MiralSNk/sitefrisk/services/scanner/internal/collector/helpers.go:28.2,28.12 1 0
github.com/MiralSNk/sitefrisk/services/scanner/internal/collector/helpers.go:38.3,41.24 2 0
github.com/MiralSNk/sitefrisk/services/scanner/internal/collector/helpers.go:41.24,43.13 2 0
github.com/MiralSNk/sitefrisk/services/scanner/internal/collector/helpers.go:43.13,48.47 3 0
github.com/MiralSNk/sitefrisk/services/scanner/internal/collector/helpers.go:48.47,50.5 1 0
github.com/MiralSNk/sitefrisk/services/scanner/internal/collector/helpers.go:52.4,53.18 2 0
github.com/MiralSNk/sitefrisk/services/scanner/internal/collector/helpers.go:53.18,55.5 1 0
github.com/MiralSNk/sitefrisk/services/scanner/internal/collector/helpers.go:57.4,57.11 1 0
github.com/MiralSNk/sitefrisk/services/scanner/internal/collector/helpers.go:58.23,58.23 0 0
github.com/MiralSNk/sitefrisk/services/scanner/internal/collector/helpers.go:59.22,59.22 0 0
github.com/MiralSNk/sitefrisk/services/scanner/internal/collector/helpers.go:64.2,64.12 1 0
github.com/MiralSNk/sitefrisk/services/scanner/internal/collector/helpers.go:64.12,67.3 2 0
github.com/MiralSNk/sitefrisk/services/scanner/internal/collector/header/collector.go:19.44,23.2 1 0
github.com/MiralSNk/sitefrisk/services/scanner/internal/collector/header/collector.go:28.99,30.16 2 0
github.com/MiralSNk/sitefrisk/services/scanner/internal/collector/header/collector.go:30.16,32.3 1 0
github.com/MiralSNk/sitefrisk/services/scanner/internal/collector/header/collector.go:34.2,35.16 2 0
github.com/MiralSNk/sitefrisk/services/scanner/internal/collector/header/collector.go:35.16,37.3 1 0
github.com/MiralSNk/sitefrisk/services/scanner/internal/collector/header/collector.go:39.2,39.18 1 0
github.com/MiralSNk/sitefrisk/services/scanner/internal/collector/header/collector.go:43.94,47.16 3 0
github.com/MiralSNk/sitefrisk/services/scanner/internal/collector/header/collector.go:47.16,49.3 1 0
github.com/MiralSNk/sitefrisk/services/scanner/internal/collector/header/collector.go:50.2,52.33 2 0
github.com/MiralSNk/sitefrisk/services/scanner/internal/collector/header/collector.go:52.33,53.41 1 0
github.com/MiralSNk/sitefrisk/services/scanner/internal/collector/header/collector.go:53.41,59.4 1 0
github.com/MiralSNk/sitefrisk/services/scanner/internal/collector/header/collector.go:62.2,62.19 1 0
github.com/MiralSNk/sitefrisk/services/scanner/internal/fact/errors.go:26.40,28.2 1 0
github.com/MiralSNk/sitefrisk/services/scanner/internal/fact/errors.go:30.40,30.56 1 1
github.com/MiralSNk/sitefrisk/services/scanner/internal/fact/fact.go:13.32,14.19 1 1
github.com/MiralSNk/sitefrisk/services/scanner/internal/fact/fact.go:14.19,16.3 1 1
github.com/MiralSNk/sitefrisk/services/scanner/internal/fact/fact.go:18.2,18.17 1 1
github.com/MiralSNk/sitefrisk/services/scanner/internal/fact/fact.go:18.17,20.3 1 1
github.com/MiralSNk/sitefrisk/services/scanner/internal/fact/fact.go:22.2,22.22 1 1
github.com/MiralSNk/sitefrisk/services/scanner/internal/fact/fact.go:22.22,24.3 1 1
github.com/MiralSNk/sitefrisk/services/scanner/internal/fact/fact.go:26.2,26.20 1 1
github.com/MiralSNk/sitefrisk/services/scanner/internal/fact/fact.go:27.56,28.13 1 1
github.com/MiralSNk/sitefrisk/services/scanner/internal/fact/fact.go:29.10,30.31 1 1
github.com/MiralSNk/sitefrisk/services/scanner/internal/fact/fact.go:36.38,37.29 1 1
github.com/MiralSNk/sitefrisk/services/scanner/internal/fact/fact.go:37.29,38.41 1 1
github.com/MiralSNk/sitefrisk/services/scanner/internal/fact/fact.go:38.41,43.4 1 1
github.com/MiralSNk/sitefrisk/services/scanner/internal/fact/fact.go:46.2,46.12 1 1
github.com/MiralSNk/sitefrisk/services/scanner/internal/fact/validated.go:11.52,12.43 1 0
github.com/MiralSNk/sitefrisk/services/scanner/internal/fact/validated.go:12.43,14.3 1 0
github.com/MiralSNk/sitefrisk/services/scanner/internal/fact/validated.go:15.2,17.38 3 0
github.com/MiralSNk/sitefrisk/services/scanner/internal/fact/validated.go:21.35,23.2 1 0
github.com/MiralSNk/sitefrisk/services/scanner/internal/mocks/mock_Collector.go:22.59,24.2 1 0
github.com/MiralSNk/sitefrisk/services/scanner/internal/mocks/mock_Collector.go:27.94,30.19 2 0
github.com/MiralSNk/sitefrisk/services/scanner/internal/mocks/mock_Collector.go:30.19,31.49 1 0
github.com/MiralSNk/sitefrisk/services/scanner/internal/mocks/mock_Collector.go:34.2,36.83 3 0
github.com/MiralSNk/sitefrisk/services/scanner/internal/mocks/mock_Collector.go:36.83,38.3 1 0
github.com/MiralSNk/sitefrisk/services/scanner/internal/mocks/mock_Collector.go:39.2,39.74 1 0
github.com/MiralSNk/sitefrisk/services/scanner/internal/mocks/mock_Collector.go:39.74,41.3 1 0
github.com/MiralSNk/sitefrisk/services/scanner/internal/mocks/mock_Collector.go:41.8,42.24 1 0
github.com/MiralSNk/sitefrisk/services/scanner/internal/mocks/mock_Collector.go:42.24,44.4 1 0
github.com/MiralSNk/sitefrisk/services/scanner/internal/mocks/mock_Collector.go:47.2,47.68 1 0
github.com/MiralSNk/sitefrisk/services/scanner/internal/mocks/mock_Collector.go:47.68,49.3 1 0
github.com/MiralSNk/sitefrisk/services/scanner/internal/mocks/mock_Collector.go:49.8,51.3 1 0
github.com/MiralSNk/sitefrisk/services/scanner/internal/mocks/mock_Collector.go:53.2,53.15 1 0
github.com/MiralSNk/sitefrisk/services/scanner/internal/mocks/mock_Collector.go:64.111,66.2 1 0
github.com/MiralSNk/sitefrisk/services/scanner/internal/mocks/mock_Collector.go:68.120,69.40 1 0
github.com/MiralSNk/sitefrisk/services/scanner/internal/mocks/mock_Collector.go:69.40,71.3 1 0
github.com/MiralSNk/sitefrisk/services/scanner/internal/mocks/mock_Collector.go:72.2,72.11 1 0
github.com/MiralSNk/sitefrisk/services/scanner/internal/mocks/mock_Collector.go:75.102,78.2 2 0
github.com/MiralSNk/sitefrisk/services/scanner/internal/mocks/mock_Collector.go:80.136,83.2 2 0
github.com/MiralSNk/sitefrisk/services/scanner/internal/mocks/mock_Collector.go:90.19,94.19 3 0
github.com/MiralSNk/sitefrisk/services/scanner/internal/mocks/mock_Collector.go:94.19,94.49 1 0
github.com/MiralSNk/sitefrisk/services/scanner/internal/mocks/mock_Collector.go:96.2,96.13 1 0
github.com/MiralSNk/sitefrisk/services/scanner/main.go:16.60,19.2 2 0
github.com/MiralSNk/sitefrisk/services/scanner/main.go:21.13,23.16 2 0
github.com/MiralSNk/sitefrisk/services/scanner/main.go:23.16,25.3 1 0
github.com/MiralSNk/sitefrisk/services/scanner/main.go:27.2,32.59 4 0
github.com/MiralSNk/sitefrisk/services/scanner/main.go:32.59,34.3 1 0
github.com/MiralSNk/sitefrisk/services/scanner/internal/collector/collector.go:21.89,27.2 4 0
github.com/MiralSNk/sitefrisk/services/scanner/internal/collector/event.go:30.98,33.12 2 0
github.com/MiralSNk/sitefrisk/services/scanner/internal/collector/event.go:33.12,40.22 5 0
github.com/MiralSNk/sitefrisk/services/scanner/internal/collector/event.go:40.22,42.23 2 0
github.com/MiralSNk/sitefrisk/services/scanner/internal/collector/event.go:42.23,44.5 1 0
github.com/MiralSNk/sitefrisk/services/scanner/internal/collector/event.go:46.4,46.11 1 0
github.com/MiralSNk/sitefrisk/services/scanner/internal/collector/event.go:51.6,51.6 0 0
github.com/MiralSNk/sitefrisk/services/scanner/internal/collector/event.go:52.22,52.22 0 0
github.com/MiralSNk/sitefrisk/services/scanner/internal/collector/event.go:55.4,56.40 2 0
github.com/MiralSNk/sitefrisk/services/scanner/internal/collector/event.go:59.3,60.17 2 0
github.com/MiralSNk/sitefrisk/services/scanner/internal/collector/event.go:60.17,62.4 1 0
github.com/MiralSNk/sitefrisk/services/scanner/internal/collector/event.go:64.3,64.35 1 0
github.com/MiralSNk/sitefrisk/services/scanner/internal/collector/event.go:64.35,66.4 1 0
github.com/MiralSNk/sitefrisk/services/scanner/internal/collector/event.go:68.3,72.4 1 0
github.com/MiralSNk/sitefrisk/services/scanner/internal/collector/event.go:75.2,75.12 1 0
github.com/MiralSNk/sitefrisk/services/scanner/internal/collector/helpers.go:18.43,21.12 2 0
github.com/MiralSNk/sitefrisk/services/scanner/internal/collector/helpers.go:21.12,23.27 2 0
github.com/MiralSNk/sitefrisk/services/scanner/internal/collector/helpers.go:23.27,25.4 1 0
github.com/MiralSNk/sitefrisk/services/scanner/internal/collector/helpers.go:28.2,28.12 1 0
github.com/MiralSNk/sitefrisk/services/scanner/internal/collector/helpers.go:38.3,41.24 2 0
github.com/MiralSNk/sitefrisk/services/scanner/internal/collector/helpers.go:41.24,43.13 2 0
github.com/MiralSNk/sitefrisk/services/scanner/internal/collector/helpers.go:43.13,48.47 3 0
github.com/MiralSNk/sitefrisk/services/scanner/internal/collector/helpers.go:48.47,50.5 1 0
github.com/MiralSNk/sitefrisk/services/scanner/internal/collector/helpers.go:52.4,53.18 2 0
github.com/MiralSNk/sitefrisk/services/scanner/internal/collector/helpers.go:53.18,55.5 1 0
github.com/MiralSNk/sitefrisk/services/scanner/internal/collector/helpers.go:57.4,57.11 1 0
github.com/MiralSNk/sitefrisk/services/scanner/internal/collector/helpers.go:58.23,58.23 0 0
github.com/MiralSNk/sitefrisk/services/scanner/internal/collector/helpers.go:59.22,59.22 0 0
github.com/MiralSNk/sitefrisk/services/scanner/internal/collector/helpers.go:64.2,64.12 1 0
github.com/MiralSNk/sitefrisk/services/scanner/internal/collector/helpers.go:64.12,67.3 2 0
github.com/MiralSNk/sitefrisk/services/scanner/internal/collector/header/collector.go:19.44,23.2 1 1
github.com/MiralSNk/sitefrisk/services/scanner/internal/collector/header/collector.go:28.99,30.16 2 1
github.com/MiralSNk/sitefrisk/services/scanner/internal/collector/header/collector.go:30.16,32.3 1 1
github.com/MiralSNk/sitefrisk/services/scanner/internal/collector/header/collector.go:34.2,35.16 2 1
github.com/MiralSNk/sitefrisk/services/scanner/internal/collector/header/collector.go:35.16,37.3 1 1
github.com/MiralSNk/sitefrisk/services/scanner/internal/collector/header/collector.go:39.2,39.18 1 1
github.com/MiralSNk/sitefrisk/services/scanner/internal/collector/header/collector.go:43.94,47.16 3 1
github.com/MiralSNk/sitefrisk/services/scanner/internal/collector/header/collector.go:47.16,49.3 1 1
github.com/MiralSNk/sitefrisk/services/scanner/internal/collector/header/collector.go:50.2,52.33 2 1
github.com/MiralSNk/sitefrisk/services/scanner/internal/collector/header/collector.go:52.33,53.41 1 1
github.com/MiralSNk/sitefrisk/services/scanner/internal/collector/header/collector.go:53.41,59.4 1 1
github.com/MiralSNk/sitefrisk/services/scanner/internal/collector/header/collector.go:62.2,62.19 1 1
github.com/MiralSNk/sitefrisk/services/scanner/internal/fact/errors.go:26.40,28.2 1 0
github.com/MiralSNk/sitefrisk/services/scanner/internal/fact/errors.go:30.40,30.56 1 0
github.com/MiralSNk/sitefrisk/services/scanner/internal/fact/fact.go:13.32,14.19 1 0
github.com/MiralSNk/sitefrisk/services/scanner/internal/fact/fact.go:14.19,16.3 1 0
github.com/MiralSNk/sitefrisk/services/scanner/internal/fact/fact.go:18.2,18.17 1 0
github.com/MiralSNk/sitefrisk/services/scanner/internal/fact/fact.go:18.17,20.3 1 0
github.com/MiralSNk/sitefrisk/services/scanner/internal/fact/fact.go:22.2,22.22 1 0
github.com/MiralSNk/sitefrisk/services/scanner/internal/fact/fact.go:22.22,24.3 1 0
github.com/MiralSNk/sitefrisk/services/scanner/internal/fact/fact.go:26.2,26.20 1 0
github.com/MiralSNk/sitefrisk/services/scanner/internal/fact/fact.go:27.56,28.13 1 0
github.com/MiralSNk/sitefrisk/services/scanner/internal/fact/fact.go:29.10,30.31 1 0
github.com/MiralSNk/sitefrisk/services/scanner/internal/fact/fact.go:36.38,37.29 1 0
github.com/MiralSNk/sitefrisk/services/scanner/internal/fact/fact.go:37.29,38.41 1 0
github.com/MiralSNk/sitefrisk/services/scanner/internal/fact/fact.go:38.41,43.4 1 0
github.com/MiralSNk/sitefrisk/services/scanner/internal/fact/fact.go:46.2,46.12 1 0
github.com/MiralSNk/sitefrisk/services/scanner/internal/fact/validated.go:11.52,12.43 1 0
github.com/MiralSNk/sitefrisk/services/scanner/internal/fact/validated.go:12.43,14.3 1 0
github.com/MiralSNk/sitefrisk/services/scanner/internal/fact/validated.go:15.2,17.38 3 0
github.com/MiralSNk/sitefrisk/services/scanner/internal/fact/validated.go:21.35,23.2 1 0
github.com/MiralSNk/sitefrisk/services/scanner/internal/mocks/mock_Collector.go:22.59,24.2 1 0
github.com/MiralSNk/sitefrisk/services/scanner/internal/mocks/mock_Collector.go:27.94,30.19 2 0
github.com/MiralSNk/sitefrisk/services/scanner/internal/mocks/mock_Collector.go:30.19,31.49 1 0
github.com/MiralSNk/sitefrisk/services/scanner/internal/mocks/mock_Collector.go:34.2,36.83 3 0
github.com/MiralSNk/sitefrisk/services/scanner/internal/mocks/mock_Collector.go:36.83,38.3 1 0
github.com/MiralSNk/sitefrisk/services/scanner/internal/mocks/mock_Collector.go:39.2,39.74 1 0
github.com/MiralSNk/sitefrisk/services/scanner/internal/mocks/mock_Collector.go:39.74,41.3 1 0
github.com/MiralSNk/sitefrisk/services/scanner/internal/mocks/mock_Collector.go:41.8,42.24 1 0
github.com/MiralSNk/sitefrisk/services/scanner/internal/mocks/mock_Collector.go:42.24,44.4 1 0
github.com/MiralSNk/sitefrisk/services/scanner/internal/mocks/mock_Collector.go:47.2,47.68 1 0
github.com/MiralSNk/sitefrisk/services/scanner/internal/mocks/mock_Collector.go:47.68,49.3 1 0
github.com/MiralSNk/sitefrisk/services/scanner/internal/mocks/mock_Collector.go:49.8,51.3 1 0
github.com/MiralSNk/sitefrisk/services/scanner/internal/mocks/mock_Collector.go:53.2,53.15 1 0
github.com/MiralSNk/sitefrisk/services/scanner/internal/mocks/mock_Collector.go:64.111,66.2 1 0
github.com/MiralSNk/sitefrisk/services/scanner/internal/mocks/mock_Collector.go:68.120,69.40 1 0
github.com/MiralSNk/sitefrisk/services/scanner/internal/mocks/mock_Collector.go:69.40,71.3 1 0
github.com/MiralSNk/sitefrisk/services/scanner/internal/mocks/mock_Collector.go:72.2,72.11 1 0
github.com/MiralSNk/sitefrisk/services/scanner/internal/mocks/mock_Collector.go:75.102,78.2 2 0
github.com/MiralSNk/sitefrisk/services/scanner/internal/mocks/mock_Collector.go:80.136,83.2 2 0
github.com/MiralSNk/sitefrisk/services/scanner/internal/mocks/mock_Collector.go:90.19,94.19 3 0
github.com/MiralSNk/sitefrisk/services/scanner/internal/mocks/mock_Collector.go:94.19,94.49 1 0
github.com/MiralSNk/sitefrisk/services/scanner/internal/mocks/mock_Collector.go:96.2,96.13 1 0
